Archive member included to satisfy reference by file (symbol)

/usr/lib/gcc/arm-none-eabi/14.1.0/../../../../arm-none-eabi/lib/thumb/v7e-m/nofp/libc_nano.a(libc_a-memset.o)
                              ./build/tasks.o (memset)
/usr/lib/gcc/arm-none-eabi/14.1.0/../../../../arm-none-eabi/lib/thumb/v7e-m/nofp/libc_nano.a(libc_a-memcpy-stub.o)
                              ./build/queue.o (memcpy)
/usr/lib/gcc/arm-none-eabi/14.1.0/../../../../arm-none-eabi/lib/thumb/v7e-m/nofp/libc_nano.a(libc_a-strlen.o)
                              ./build/tasks.o (strlen)

Discarded input sections

 .group         0x00000000        0xc ./build/list.o
 .group         0x00000000        0xc ./build/list.o
 .group         0x00000000        0xc ./build/list.o
 .group         0x00000000        0xc ./build/list.o
 .group         0x00000000        0xc ./build/list.o
 .group         0x00000000        0xc ./build/list.o
 .group         0x00000000        0xc ./build/list.o
 .group         0x00000000        0xc ./build/list.o
 .group         0x00000000        0xc ./build/list.o
 .group         0x00000000        0xc ./build/list.o
 .group         0x00000000        0xc ./build/list.o
 .group         0x00000000        0xc ./build/list.o
 .group         0x00000000        0xc ./build/list.o
 .group         0x00000000        0xc ./build/list.o
 .group         0x00000000        0xc ./build/list.o
 .group         0x00000000        0xc ./build/list.o
 .group         0x00000000        0xc ./build/list.o
 .group         0x00000000        0xc ./build/list.o
 .group         0x00000000        0xc ./build/list.o
 .group         0x00000000        0xc ./build/list.o
 .group         0x00000000        0xc ./build/list.o
 .group         0x00000000        0xc ./build/list.o
 .group         0x00000000        0xc ./build/list.o
 .group         0x00000000        0xc ./build/list.o
 .group         0x00000000        0xc ./build/list.o
 .group         0x00000000        0xc ./build/list.o
 .group         0x00000000        0xc ./build/list.o
 .group         0x00000000        0xc ./build/list.o
 .group         0x00000000        0xc ./build/list.o
 .group         0x00000000        0xc ./build/list.o
 .group         0x00000000        0xc ./build/list.o
 .text          0x00000000        0x0 ./build/list.o
 .data          0x00000000        0x0 ./build/list.o
 .bss           0x00000000        0x0 ./build/list.o
 .text.vListInsertEnd
                0x00000000       0x16 ./build/list.o
 .group         0x00000000        0xc ./build/tasks.o
 .group         0x00000000        0xc ./build/tasks.o
 .group         0x00000000        0xc ./build/tasks.o
 .group         0x00000000        0xc ./build/tasks.o
 .group         0x00000000        0xc ./build/tasks.o
 .group         0x00000000        0xc ./build/tasks.o
 .group         0x00000000        0xc ./build/tasks.o
 .group         0x00000000        0xc ./build/tasks.o
 .group         0x00000000        0xc ./build/tasks.o
 .group         0x00000000        0xc ./build/tasks.o
 .group         0x00000000        0xc ./build/tasks.o
 .group         0x00000000        0xc ./build/tasks.o
 .group         0x00000000        0xc ./build/tasks.o
 .group         0x00000000        0xc ./build/tasks.o
 .group         0x00000000        0xc ./build/tasks.o
 .group         0x00000000        0xc ./build/tasks.o
 .group         0x00000000        0xc ./build/tasks.o
 .group         0x00000000        0xc ./build/tasks.o
 .group         0x00000000        0xc ./build/tasks.o
 .group         0x00000000        0xc ./build/tasks.o
 .group         0x00000000        0xc ./build/tasks.o
 .group         0x00000000        0xc ./build/tasks.o
 .group         0x00000000        0xc ./build/tasks.o
 .group         0x00000000        0xc ./build/tasks.o
 .group         0x00000000        0xc ./build/tasks.o
 .group         0x00000000        0xc ./build/tasks.o
 .group         0x00000000        0xc ./build/tasks.o
 .group         0x00000000        0xc ./build/tasks.o
 .group         0x00000000        0xc ./build/tasks.o
 .group         0x00000000        0xc ./build/tasks.o
 .group         0x00000000        0xc ./build/tasks.o
 .group         0x00000000        0xc ./build/tasks.o
 .group         0x00000000        0xc ./build/tasks.o
 .group         0x00000000        0xc ./build/tasks.o
 .group         0x00000000        0xc ./build/tasks.o
 .group         0x00000000        0xc ./build/tasks.o
 .text          0x00000000        0x0 ./build/tasks.o
 .data          0x00000000        0x0 ./build/tasks.o
 .bss           0x00000000        0x0 ./build/tasks.o
 .text.prvSearchForNameWithinSingleList
                0x00000000       0x3e ./build/tasks.o
 .text.prvTaskIsTaskSuspended
                0x00000000       0x40 ./build/tasks.o
 .text.vTaskDelete
                0x00000000       0xd4 ./build/tasks.o
 .text.eTaskGetState
                0x00000000       0x98 ./build/tasks.o
 .text.uxTaskPriorityGet
                0x00000000       0x20 ./build/tasks.o
 .text.uxTaskPriorityGetFromISR
                0x00000000       0x34 ./build/tasks.o
 .text.uxTaskBasePriorityGet
                0x00000000       0x20 ./build/tasks.o
 .text.uxTaskBasePriorityGetFromISR
                0x00000000       0x34 ./build/tasks.o
 .text.vTaskPrioritySet
                0x00000000       0xe0 ./build/tasks.o
 .text.vTaskResume
                0x00000000       0x88 ./build/tasks.o
 .text.xTaskResumeFromISR
                0x00000000       0xb0 ./build/tasks.o
 .text.vTaskEndScheduler
                0x00000000       0x34 ./build/tasks.o
 .text.xTaskGetTickCount
                0x00000000        0xc ./build/tasks.o
 .text.xTaskGetTickCountFromISR
                0x00000000       0x10 ./build/tasks.o
 .text.uxTaskGetNumberOfTasks
                0x00000000        0xc ./build/tasks.o
 .text.pcTaskGetName
                0x00000000       0x14 ./build/tasks.o
 .text.xTaskGetIdleTaskHandle
                0x00000000       0x10 ./build/tasks.o
 .text.xTaskGetIdleTaskHandleForCore
                0x00000000       0x14 ./build/tasks.o
 .text.xTaskDelayUntil
                0x00000000       0x6c ./build/tasks.o
 .text.xTaskGetHandle
                0x00000000       0x78 ./build/tasks.o
 .text.xTaskCatchUpTicks
                0x00000000       0x30 ./build/tasks.o
 .text.xTaskAbortDelay
                0x00000000       0x98 ./build/tasks.o
 .text.vTaskSuspend
                0x00000000       0xe8 ./build/tasks.o
 .text.vTaskPlaceOnEventList
                0x00000000       0x24 ./build/tasks.o
 .text.vTaskPlaceOnUnorderedEventList
                0x00000000       0x50 ./build/tasks.o
 .text.xTaskRemoveFromEventList
                0x00000000       0xbc ./build/tasks.o
 .text.vTaskRemoveFromUnorderedEventList
                0x00000000       0xa4 ./build/tasks.o
 .text.vTaskSetTimeOutState
                0x00000000       0x28 ./build/tasks.o
 .text.vTaskInternalSetTimeOutState
                0x00000000       0x18 ./build/tasks.o
 .text.xTaskCheckForTimeOut
                0x00000000       0x70 ./build/tasks.o
 .text.vTaskMissedYield
                0x00000000        0xc ./build/tasks.o
 .text.uxTaskGetStackHighWaterMark
                0x00000000       0x20 ./build/tasks.o
 .text.xTaskGetCurrentTaskHandle
                0x00000000        0xc ./build/tasks.o
 .text.xTaskGetCurrentTaskHandleForCore
                0x00000000       0x10 ./build/tasks.o
 .text.xTaskGetSchedulerState
                0x00000000       0x20 ./build/tasks.o
 .text.xTaskPriorityInherit
                0x00000000       0xa0 ./build/tasks.o
 .text.xTaskPriorityDisinherit
                0x00000000       0x84 ./build/tasks.o
 .text.vTaskPriorityDisinheritAfterTimeout
                0x00000000       0x94 ./build/tasks.o
 .text.uxTaskResetEventItemValue
                0x00000000       0x18 ./build/tasks.o
 .text.pvTaskIncrementMutexHeldCount
                0x00000000       0x14 ./build/tasks.o
 .text.ulTaskGenericNotifyTake
                0x00000000       0xa0 ./build/tasks.o
 .text.xTaskGenericNotifyWait
                0x00000000       0xd0 ./build/tasks.o
 .text.xTaskGenericNotify
                0x00000000      0x114 ./build/tasks.o
 .text.xTaskGenericNotifyFromISR
                0x00000000      0x158 ./build/tasks.o
 .text.vTaskGenericNotifyGiveFromISR
                0x00000000       0xf4 ./build/tasks.o
 .text.xTaskGenericNotifyStateClear
                0x00000000       0x3c ./build/tasks.o
 .text.ulTaskGenericNotifyValueClear
                0x00000000       0x38 ./build/tasks.o
 .text.vTaskResetState
                0x00000000       0x64 ./build/tasks.o
 .debug_macro   0x00000000      0xac0 ./build/tasks.o
 .debug_macro   0x00000000       0x24 ./build/tasks.o
 .debug_macro   0x00000000       0x22 ./build/tasks.o
 .debug_macro   0x00000000       0x67 ./build/tasks.o
 .debug_macro   0x00000000       0x94 ./build/tasks.o
 .debug_macro   0x00000000       0x3c ./build/tasks.o
 .debug_macro   0x00000000       0x34 ./build/tasks.o
 .debug_macro   0x00000000       0x16 ./build/tasks.o
 .debug_macro   0x00000000      0x11c ./build/tasks.o
 .debug_macro   0x00000000       0x9b ./build/tasks.o
 .debug_macro   0x00000000       0x57 ./build/tasks.o
 .debug_macro   0x00000000      0x364 ./build/tasks.o
 .debug_macro   0x00000000       0x16 ./build/tasks.o
 .debug_macro   0x00000000       0x4a ./build/tasks.o
 .debug_macro   0x00000000       0x34 ./build/tasks.o
 .debug_macro   0x00000000       0x10 ./build/tasks.o
 .debug_macro   0x00000000       0x58 ./build/tasks.o
 .debug_macro   0x00000000      0x1de ./build/tasks.o
 .debug_macro   0x00000000       0x16 ./build/tasks.o
 .debug_macro   0x00000000       0x29 ./build/tasks.o
 .debug_macro   0x00000000      0x34e ./build/tasks.o
 .debug_macro   0x00000000       0x16 ./build/tasks.o
 .debug_macro   0x00000000      0x164 ./build/tasks.o
 .debug_macro   0x00000000       0x22 ./build/tasks.o
 .debug_macro   0x00000000      0x182 ./build/tasks.o
 .debug_macro   0x00000000       0xe7 ./build/tasks.o
 .debug_macro   0x00000000       0x3a ./build/tasks.o
 .debug_macro   0x00000000       0x1f ./build/tasks.o
 .debug_macro   0x00000000       0x12 ./build/tasks.o
 .debug_macro   0x00000000      0xfde ./build/tasks.o
 .debug_macro   0x00000000       0xc3 ./build/tasks.o
 .group         0x00000000        0xc ./build/queue.o
 .group         0x00000000        0xc ./build/queue.o
 .group         0x00000000        0xc ./build/queue.o
 .group         0x00000000        0xc ./build/queue.o
 .group         0x00000000        0xc ./build/queue.o
 .group         0x00000000        0xc ./build/queue.o
 .group         0x00000000        0xc ./build/queue.o
 .group         0x00000000        0xc ./build/queue.o
 .group         0x00000000        0xc ./build/queue.o
 .group         0x00000000        0xc ./build/queue.o
 .group         0x00000000        0xc ./build/queue.o
 .group         0x00000000        0xc ./build/queue.o
 .group         0x00000000        0xc ./build/queue.o
 .group         0x00000000        0xc ./build/queue.o
 .group         0x00000000        0xc ./build/queue.o
 .group         0x00000000        0xc ./build/queue.o
 .group         0x00000000        0xc ./build/queue.o
 .group         0x00000000        0xc ./build/queue.o
 .group         0x00000000        0xc ./build/queue.o
 .group         0x00000000        0xc ./build/queue.o
 .group         0x00000000        0xc ./build/queue.o
 .group         0x00000000        0xc ./build/queue.o
 .group         0x00000000        0xc ./build/queue.o
 .group         0x00000000        0xc ./build/queue.o
 .group         0x00000000        0xc ./build/queue.o
 .group         0x00000000        0xc ./build/queue.o
 .group         0x00000000        0xc ./build/queue.o
 .group         0x00000000        0xc ./build/queue.o
 .group         0x00000000        0xc ./build/queue.o
 .group         0x00000000        0xc ./build/queue.o
 .group         0x00000000        0xc ./build/queue.o
 .group         0x00000000        0xc ./build/queue.o
 .group         0x00000000        0xc ./build/queue.o
 .group         0x00000000        0xc ./build/queue.o
 .group         0x00000000        0xc ./build/queue.o
 .text          0x00000000        0x0 ./build/queue.o
 .data          0x00000000        0x0 ./build/queue.o
 .bss           0x00000000        0x0 ./build/queue.o
 .text.prvIsQueueEmpty
                0x00000000       0x16 ./build/queue.o
 .text.prvCopyDataToQueue
                0x00000000       0x66 ./build/queue.o
 .text.prvCopyDataFromQueue
                0x00000000       0x24 ./build/queue.o
 .text.prvNotifyQueueSetContainer
                0x00000000       0x64 ./build/queue.o
 .text.prvUnlockQueue
                0x00000000       0x78 ./build/queue.o
 .text.xQueueGenericReset
                0x00000000       0x7a ./build/queue.o
 .text.xQueueGenericCreate
                0x00000000       0x42 ./build/queue.o
 .text.xQueueGetMutexHolder
                0x00000000       0x1e ./build/queue.o
 .text.xQueueGetMutexHolderFromISR
                0x00000000       0x10 ./build/queue.o
 .text.xQueueCreateCountingSemaphore
                0x00000000       0x1a ./build/queue.o
 .text.xQueueGenericSend
                0x00000000      0x13c ./build/queue.o
 .text.xQueueCreateMutex
                0x00000000       0x24 ./build/queue.o
 .text.xQueueGiveMutexRecursive
                0x00000000       0x2e ./build/queue.o
 .text.xQueueGenericSendFromISR
                0x00000000       0xb2 ./build/queue.o
 .text.xQueueGiveFromISR
                0x00000000       0x92 ./build/queue.o
 .text.xQueueReceive
                0x00000000      0x10e ./build/queue.o
 .text.xQueueSemaphoreTake
                0x00000000      0x13c ./build/queue.o
 .text.xQueueTakeMutexRecursive
                0x00000000       0x2c ./build/queue.o
 .text.xQueuePeek
                0x00000000      0x10a ./build/queue.o
 .text.xQueueReceiveFromISR
                0x00000000       0x88 ./build/queue.o
 .text.xQueuePeekFromISR
                0x00000000       0x44 ./build/queue.o
 .text.uxQueueMessagesWaiting
                0x00000000       0x16 ./build/queue.o
 .text.uxQueueSpacesAvailable
                0x00000000       0x1a ./build/queue.o
 .text.uxQueueMessagesWaitingFromISR
                0x00000000        0x8 ./build/queue.o
 .text.uxQueueGetQueueItemSize
                0x00000000        0x4 ./build/queue.o
 .text.uxQueueGetQueueLength
                0x00000000        0x4 ./build/queue.o
 .text.xQueueIsQueueEmptyFromISR
                0x00000000        0xe ./build/queue.o
 .text.xQueueIsQueueFullFromISR
                0x00000000       0x10 ./build/queue.o
 .text.vQueueAddToRegistry
                0x00000000       0x3c ./build/queue.o
 .text.pcQueueGetName
                0x00000000       0x2c ./build/queue.o
 .text.vQueueUnregisterQueue
                0x00000000       0x34 ./build/queue.o
 .text.vQueueDelete
                0x00000000       0x12 ./build/queue.o
 .text.xQueueCreateSet
                0x00000000        0x8 ./build/queue.o
 .text.xQueueAddToSet
                0x00000000       0x22 ./build/queue.o
 .text.xQueueRemoveFromSet
                0x00000000       0x20 ./build/queue.o
 .text.xQueueSelectFromSet
                0x00000000       0x16 ./build/queue.o
 .text.xQueueSelectFromSetFromISR
                0x00000000       0x14 ./build/queue.o
 .bss.xQueueRegistry
                0x00000000       0x50 ./build/queue.o
 .debug_info    0x00000000     0x2284 ./build/queue.o
 .debug_abbrev  0x00000000      0x464 ./build/queue.o
 .debug_loclists
                0x00000000     0x1017 ./build/queue.o
 .debug_aranges
                0x00000000      0x140 ./build/queue.o
 .debug_rnglists
                0x00000000      0x1d2 ./build/queue.o
 .debug_macro   0x00000000      0x20d ./build/queue.o
 .debug_macro   0x00000000      0xac0 ./build/queue.o
 .debug_macro   0x00000000       0x24 ./build/queue.o
 .debug_macro   0x00000000       0x22 ./build/queue.o
 .debug_macro   0x00000000       0x67 ./build/queue.o
 .debug_macro   0x00000000       0x94 ./build/queue.o
 .debug_macro   0x00000000       0x3c ./build/queue.o
 .debug_macro   0x00000000       0x34 ./build/queue.o
 .debug_macro   0x00000000       0x16 ./build/queue.o
 .debug_macro   0x00000000      0x11c ./build/queue.o
 .debug_macro   0x00000000       0x9b ./build/queue.o
 .debug_macro   0x00000000       0x57 ./build/queue.o
 .debug_macro   0x00000000      0x364 ./build/queue.o
 .debug_macro   0x00000000       0x16 ./build/queue.o
 .debug_macro   0x00000000       0x4a ./build/queue.o
 .debug_macro   0x00000000       0x34 ./build/queue.o
 .debug_macro   0x00000000       0x10 ./build/queue.o
 .debug_macro   0x00000000       0x58 ./build/queue.o
 .debug_macro   0x00000000      0x1de ./build/queue.o
 .debug_macro   0x00000000       0x16 ./build/queue.o
 .debug_macro   0x00000000       0x29 ./build/queue.o
 .debug_macro   0x00000000       0x16 ./build/queue.o
 .debug_macro   0x00000000       0x3c ./build/queue.o
 .debug_macro   0x00000000      0x34e ./build/queue.o
 .debug_macro   0x00000000       0x16 ./build/queue.o
 .debug_macro   0x00000000      0x164 ./build/queue.o
 .debug_macro   0x00000000       0x22 ./build/queue.o
 .debug_macro   0x00000000      0x182 ./build/queue.o
 .debug_macro   0x00000000       0xe7 ./build/queue.o
 .debug_macro   0x00000000       0x3a ./build/queue.o
 .debug_macro   0x00000000       0x1f ./build/queue.o
 .debug_macro   0x00000000       0x12 ./build/queue.o
 .debug_macro   0x00000000      0xfde ./build/queue.o
 .debug_macro   0x00000000       0xc3 ./build/queue.o
 .debug_macro   0x00000000      0x14f ./build/queue.o
 .debug_macro   0x00000000       0x80 ./build/queue.o
 .debug_line    0x00000000     0x1acd ./build/queue.o
 .debug_str     0x00000000    0x129c0 ./build/queue.o
 .comment       0x00000000       0x24 ./build/queue.o
 .debug_frame   0x00000000      0x3f8 ./build/queue.o
 .ARM.attributes
                0x00000000       0x2e ./build/queue.o
 .group         0x00000000        0xc ./build/heap_4.o
 .group         0x00000000        0xc ./build/heap_4.o
 .group         0x00000000        0xc ./build/heap_4.o
 .group         0x00000000        0xc ./build/heap_4.o
 .group         0x00000000        0xc ./build/heap_4.o
 .group         0x00000000        0xc ./build/heap_4.o
 .group         0x00000000        0xc ./build/heap_4.o
 .group         0x00000000        0xc ./build/heap_4.o
 .group         0x00000000        0xc ./build/heap_4.o
 .group         0x00000000        0xc ./build/heap_4.o
 .group         0x00000000        0xc ./build/heap_4.o
 .group         0x00000000        0xc ./build/heap_4.o
 .group         0x00000000        0xc ./build/heap_4.o
 .group         0x00000000        0xc ./build/heap_4.o
 .group         0x00000000        0xc ./build/heap_4.o
 .group         0x00000000        0xc ./build/heap_4.o
 .group         0x00000000        0xc ./build/heap_4.o
 .group         0x00000000        0xc ./build/heap_4.o
 .group         0x00000000        0xc ./build/heap_4.o
 .group         0x00000000        0xc ./build/heap_4.o
 .group         0x00000000        0xc ./build/heap_4.o
 .group         0x00000000        0xc ./build/heap_4.o
 .group         0x00000000        0xc ./build/heap_4.o
 .group         0x00000000        0xc ./build/heap_4.o
 .group         0x00000000        0xc ./build/heap_4.o
 .group         0x00000000        0xc ./build/heap_4.o
 .group         0x00000000        0xc ./build/heap_4.o
 .group         0x00000000        0xc ./build/heap_4.o
 .group         0x00000000        0xc ./build/heap_4.o
 .group         0x00000000        0xc ./build/heap_4.o
 .group         0x00000000        0xc ./build/heap_4.o
 .group         0x00000000        0xc ./build/heap_4.o
 .group         0x00000000        0xc ./build/heap_4.o
 .group         0x00000000        0xc ./build/heap_4.o
 .text          0x00000000        0x0 ./build/heap_4.o
 .data          0x00000000        0x0 ./build/heap_4.o
 .bss           0x00000000        0x0 ./build/heap_4.o
 .text.xPortGetFreeHeapSize
                0x00000000        0xc ./build/heap_4.o
 .text.xPortGetMinimumEverFreeHeapSize
                0x00000000        0xc ./build/heap_4.o
 .text.xPortResetHeapMinimumEverFreeHeapSize
                0x00000000       0x14 ./build/heap_4.o
 .text.vPortInitialiseBlocks
                0x00000000        0x2 ./build/heap_4.o
 .text.pvPortCalloc
                0x00000000       0x2a ./build/heap_4.o
 .text.vPortGetHeapStats
                0x00000000       0x84 ./build/heap_4.o
 .text.vPortHeapResetState
                0x00000000       0x2c ./build/heap_4.o
 .debug_macro   0x00000000      0xac0 ./build/heap_4.o
 .debug_macro   0x00000000       0x24 ./build/heap_4.o
 .debug_macro   0x00000000       0x22 ./build/heap_4.o
 .debug_macro   0x00000000       0x67 ./build/heap_4.o
 .debug_macro   0x00000000       0x94 ./build/heap_4.o
 .debug_macro   0x00000000       0x3c ./build/heap_4.o
 .debug_macro   0x00000000       0x34 ./build/heap_4.o
 .debug_macro   0x00000000       0x16 ./build/heap_4.o
 .debug_macro   0x00000000      0x11c ./build/heap_4.o
 .debug_macro   0x00000000       0x9b ./build/heap_4.o
 .debug_macro   0x00000000       0x57 ./build/heap_4.o
 .debug_macro   0x00000000      0x364 ./build/heap_4.o
 .debug_macro   0x00000000       0x16 ./build/heap_4.o
 .debug_macro   0x00000000       0x4a ./build/heap_4.o
 .debug_macro   0x00000000       0x34 ./build/heap_4.o
 .debug_macro   0x00000000       0x10 ./build/heap_4.o
 .debug_macro   0x00000000       0x58 ./build/heap_4.o
 .debug_macro   0x00000000      0x1de ./build/heap_4.o
 .debug_macro   0x00000000       0x16 ./build/heap_4.o
 .debug_macro   0x00000000       0x29 ./build/heap_4.o
 .debug_macro   0x00000000       0x16 ./build/heap_4.o
 .debug_macro   0x00000000       0x3c ./build/heap_4.o
 .debug_macro   0x00000000      0x34e ./build/heap_4.o
 .debug_macro   0x00000000       0x16 ./build/heap_4.o
 .debug_macro   0x00000000      0x164 ./build/heap_4.o
 .debug_macro   0x00000000       0x22 ./build/heap_4.o
 .debug_macro   0x00000000      0x182 ./build/heap_4.o
 .debug_macro   0x00000000       0xe7 ./build/heap_4.o
 .debug_macro   0x00000000       0x3a ./build/heap_4.o
 .debug_macro   0x00000000       0x1f ./build/heap_4.o
 .debug_macro   0x00000000       0x12 ./build/heap_4.o
 .debug_macro   0x00000000      0xfde ./build/heap_4.o
 .debug_macro   0x00000000       0xc3 ./build/heap_4.o
 .debug_macro   0x00000000      0x14f ./build/heap_4.o
 .group         0x00000000        0xc ./build/port.o
 .group         0x00000000        0xc ./build/port.o
 .group         0x00000000        0xc ./build/port.o
 .group         0x00000000        0xc ./build/port.o
 .group         0x00000000        0xc ./build/port.o
 .group         0x00000000        0xc ./build/port.o
 .group         0x00000000        0xc ./build/port.o
 .group         0x00000000        0xc ./build/port.o
 .group         0x00000000        0xc ./build/port.o
 .group         0x00000000        0xc ./build/port.o
 .group         0x00000000        0xc ./build/port.o
 .group         0x00000000        0xc ./build/port.o
 .group         0x00000000        0xc ./build/port.o
 .group         0x00000000        0xc ./build/port.o
 .text          0x00000000        0x0 ./build/port.o
 .data          0x00000000        0x0 ./build/port.o
 .bss           0x00000000        0x0 ./build/port.o
 .text.vPortEndScheduler
                0x00000000       0x14 ./build/port.o
 .text.vPortValidateInterruptPriority
                0x00000000       0x3c ./build/port.o
 .debug_macro   0x00000000      0xac0 ./build/port.o
 .debug_macro   0x00000000      0x34e ./build/port.o
 .debug_macro   0x00000000       0x16 ./build/port.o
 .debug_macro   0x00000000      0x164 ./build/port.o
 .debug_macro   0x00000000       0x22 ./build/port.o
 .debug_macro   0x00000000      0x182 ./build/port.o
 .debug_macro   0x00000000       0xe7 ./build/port.o
 .debug_macro   0x00000000       0x3a ./build/port.o
 .debug_macro   0x00000000       0x1f ./build/port.o
 .debug_macro   0x00000000       0x12 ./build/port.o
 .debug_macro   0x00000000      0xfde ./build/port.o
 .debug_macro   0x00000000       0xc3 ./build/port.o
 .debug_macro   0x00000000      0x14f ./build/port.o
 .group         0x00000000        0xc ./build/main.o
 .group         0x00000000        0xc ./build/main.o
 .group         0x00000000        0xc ./build/main.o
 .group         0x00000000        0xc ./build/main.o
 .group         0x00000000        0xc ./build/main.o
 .group         0x00000000        0xc ./build/main.o
 .group         0x00000000        0xc ./build/main.o
 .group         0x00000000        0xc ./build/main.o
 .group         0x00000000        0xc ./build/main.o
 .group         0x00000000        0xc ./build/main.o
 .group         0x00000000        0xc ./build/main.o
 .group         0x00000000        0xc ./build/main.o
 .group         0x00000000        0xc ./build/main.o
 .group         0x00000000        0xc ./build/main.o
 .group         0x00000000        0xc ./build/main.o
 .group         0x00000000        0xc ./build/main.o
 .group         0x00000000        0xc ./build/main.o
 .group         0x00000000        0xc ./build/main.o
 .group         0x00000000        0xc ./build/main.o
 .group         0x00000000        0xc ./build/main.o
 .group         0x00000000        0xc ./build/main.o
 .group         0x00000000        0xc ./build/main.o
 .group         0x00000000        0xc ./build/main.o
 .group         0x00000000        0xc ./build/main.o
 .group         0x00000000        0xc ./build/main.o
 .group         0x00000000        0xc ./build/main.o
 .group         0x00000000        0xc ./build/main.o
 .group         0x00000000        0xc ./build/main.o
 .group         0x00000000        0xc ./build/main.o
 .group         0x00000000        0xc ./build/main.o
 .group         0x00000000        0xc ./build/main.o
 .group         0x00000000        0xc ./build/main.o
 .group         0x00000000        0xc ./build/main.o
 .group         0x00000000        0xc ./build/main.o
 .group         0x00000000        0xc ./build/main.o
 .group         0x00000000        0xc ./build/main.o
 .group         0x00000000        0xc ./build/main.o
 .group         0x00000000        0xc ./build/main.o
 .group         0x00000000        0xc ./build/main.o
 .group         0x00000000        0xc ./build/main.o
 .text          0x00000000        0x0 ./build/main.o
 .data          0x00000000        0x0 ./build/main.o
 .bss           0x00000000        0x0 ./build/main.o
 .debug_macro   0x00000000      0xac0 ./build/main.o
 .debug_macro   0x00000000      0x190 ./build/main.o
 .debug_macro   0x00000000      0x34e ./build/main.o
 .debug_macro   0x00000000       0x16 ./build/main.o
 .debug_macro   0x00000000      0x164 ./build/main.o
 .debug_macro   0x00000000       0x22 ./build/main.o
 .debug_macro   0x00000000      0x182 ./build/main.o
 .debug_macro   0x00000000       0xe7 ./build/main.o
 .debug_macro   0x00000000       0x3a ./build/main.o
 .debug_macro   0x00000000       0x1f ./build/main.o
 .debug_macro   0x00000000       0x12 ./build/main.o
 .debug_macro   0x00000000      0xfde ./build/main.o
 .debug_macro   0x00000000       0xc3 ./build/main.o
 .debug_macro   0x00000000      0x14f ./build/main.o
 .debug_macro   0x00000000       0x80 ./build/main.o
 .debug_macro   0x00000000       0x22 ./build/main.o
 .debug_macro   0x00000000       0x67 ./build/main.o
 .debug_macro   0x00000000       0x24 ./build/main.o
 .debug_macro   0x00000000       0x94 ./build/main.o
 .debug_macro   0x00000000       0x3c ./build/main.o
 .debug_macro   0x00000000       0x34 ./build/main.o
 .debug_macro   0x00000000       0x57 ./build/main.o
 .debug_macro   0x00000000       0x3c ./build/main.o
 .debug_macro   0x00000000      0x364 ./build/main.o
 .debug_macro   0x00000000       0x16 ./build/main.o
 .debug_macro   0x00000000       0x4a ./build/main.o
 .debug_macro   0x00000000       0x34 ./build/main.o
 .debug_macro   0x00000000       0x10 ./build/main.o
 .debug_macro   0x00000000       0x58 ./build/main.o
 .debug_macro   0x00000000      0x1de ./build/main.o
 .debug_macro   0x00000000       0x16 ./build/main.o
 .debug_macro   0x00000000       0x16 ./build/main.o
 .debug_macro   0x00000000       0x29 ./build/main.o
 .group         0x00000000        0xc ./build/uart.o
 .group         0x00000000        0xc ./build/uart.o
 .group         0x00000000        0xc ./build/uart.o
 .group         0x00000000        0xc ./build/uart.o
 .group         0x00000000        0xc ./build/uart.o
 .group         0x00000000        0xc ./build/uart.o
 .group         0x00000000        0xc ./build/uart.o
 .group         0x00000000        0xc ./build/uart.o
 .group         0x00000000        0xc ./build/uart.o
 .group         0x00000000        0xc ./build/uart.o
 .group         0x00000000        0xc ./build/uart.o
 .group         0x00000000        0xc ./build/uart.o
 .group         0x00000000        0xc ./build/uart.o
 .text          0x00000000        0x0 ./build/uart.o
 .data          0x00000000        0x0 ./build/uart.o
 .bss           0x00000000        0x0 ./build/uart.o
 .text.UART_init
                0x00000000        0xe ./build/uart.o
 .debug_macro   0x00000000      0xac0 ./build/uart.o
 .debug_macro   0x00000000      0x190 ./build/uart.o
 .debug_macro   0x00000000      0x34e ./build/uart.o
 .debug_macro   0x00000000       0x16 ./build/uart.o
 .debug_macro   0x00000000      0x164 ./build/uart.o
 .debug_macro   0x00000000       0x22 ./build/uart.o
 .debug_macro   0x00000000      0x182 ./build/uart.o
 .debug_macro   0x00000000       0xe7 ./build/uart.o
 .debug_macro   0x00000000       0x3a ./build/uart.o
 .debug_macro   0x00000000       0x1f ./build/uart.o
 .debug_macro   0x00000000       0x12 ./build/uart.o
 .debug_macro   0x00000000      0xfde ./build/uart.o
 .group         0x00000000        0xc ./build/startup.o
 .group         0x00000000        0xc ./build/startup.o
 .group         0x00000000        0xc ./build/startup.o
 .group         0x00000000        0xc ./build/startup.o
 .group         0x00000000        0xc ./build/startup.o
 .group         0x00000000        0xc ./build/startup.o
 .group         0x00000000        0xc ./build/startup.o
 .group         0x00000000        0xc ./build/startup.o
 .group         0x00000000        0xc ./build/startup.o
 .group         0x00000000        0xc ./build/startup.o
 .group         0x00000000        0xc ./build/startup.o
 .group         0x00000000        0xc ./build/startup.o
 .group         0x00000000        0xc ./build/startup.o
 .text          0x00000000        0x0 ./build/startup.o
 .data          0x00000000        0x0 ./build/startup.o
 .bss           0x00000000        0x0 ./build/startup.o
 .debug_macro   0x00000000      0xac0 ./build/startup.o
 .debug_macro   0x00000000      0x190 ./build/startup.o
 .debug_macro   0x00000000      0x34e ./build/startup.o
 .debug_macro   0x00000000       0x16 ./build/startup.o
 .debug_macro   0x00000000      0x164 ./build/startup.o
 .debug_macro   0x00000000       0x22 ./build/startup.o
 .debug_macro   0x00000000      0x182 ./build/startup.o
 .debug_macro   0x00000000       0xe7 ./build/startup.o
 .debug_macro   0x00000000       0x3a ./build/startup.o
 .debug_macro   0x00000000       0x1f ./build/startup.o
 .debug_macro   0x00000000       0x12 ./build/startup.o
 .debug_macro   0x00000000      0xfde ./build/startup.o
 .debug_macro   0x00000000       0x22 ./build/startup.o
 .text          0x00000000        0x0 /usr/lib/gcc/arm-none-eabi/14.1.0/../../../../arm-none-eabi/lib/thumb/v7e-m/nofp/libc_nano.a(libc_a-memset.o)
 .data          0x00000000        0x0 /usr/lib/gcc/arm-none-eabi/14.1.0/../../../../arm-none-eabi/lib/thumb/v7e-m/nofp/libc_nano.a(libc_a-memset.o)
 .bss           0x00000000        0x0 /usr/lib/gcc/arm-none-eabi/14.1.0/../../../../arm-none-eabi/lib/thumb/v7e-m/nofp/libc_nano.a(libc_a-memset.o)
 .text          0x00000000        0x0 /usr/lib/gcc/arm-none-eabi/14.1.0/../../../../arm-none-eabi/lib/thumb/v7e-m/nofp/libc_nano.a(libc_a-memcpy-stub.o)
 .data          0x00000000        0x0 /usr/lib/gcc/arm-none-eabi/14.1.0/../../../../arm-none-eabi/lib/thumb/v7e-m/nofp/libc_nano.a(libc_a-memcpy-stub.o)
 .bss           0x00000000        0x0 /usr/lib/gcc/arm-none-eabi/14.1.0/../../../../arm-none-eabi/lib/thumb/v7e-m/nofp/libc_nano.a(libc_a-memcpy-stub.o)
 .text.memcpy   0x00000000       0x1c /usr/lib/gcc/arm-none-eabi/14.1.0/../../../../arm-none-eabi/lib/thumb/v7e-m/nofp/libc_nano.a(libc_a-memcpy-stub.o)
 .debug_info    0x00000000      0x121 /usr/lib/gcc/arm-none-eabi/14.1.0/../../../../arm-none-eabi/lib/thumb/v7e-m/nofp/libc_nano.a(libc_a-memcpy-stub.o)
 .debug_abbrev  0x00000000       0xc1 /usr/lib/gcc/arm-none-eabi/14.1.0/../../../../arm-none-eabi/lib/thumb/v7e-m/nofp/libc_nano.a(libc_a-memcpy-stub.o)
 .debug_loclists
                0x00000000       0xad /usr/lib/gcc/arm-none-eabi/14.1.0/../../../../arm-none-eabi/lib/thumb/v7e-m/nofp/libc_nano.a(libc_a-memcpy-stub.o)
 .debug_aranges
                0x00000000       0x20 /usr/lib/gcc/arm-none-eabi/14.1.0/../../../../arm-none-eabi/lib/thumb/v7e-m/nofp/libc_nano.a(libc_a-memcpy-stub.o)
 .debug_rnglists
                0x00000000       0x13 /usr/lib/gcc/arm-none-eabi/14.1.0/../../../../arm-none-eabi/lib/thumb/v7e-m/nofp/libc_nano.a(libc_a-memcpy-stub.o)
 .debug_line    0x00000000      0x15b /usr/lib/gcc/arm-none-eabi/14.1.0/../../../../arm-none-eabi/lib/thumb/v7e-m/nofp/libc_nano.a(libc_a-memcpy-stub.o)
 .debug_str     0x00000000      0x1cd /usr/lib/gcc/arm-none-eabi/14.1.0/../../../../arm-none-eabi/lib/thumb/v7e-m/nofp/libc_nano.a(libc_a-memcpy-stub.o)
 .comment       0x00000000       0x24 /usr/lib/gcc/arm-none-eabi/14.1.0/../../../../arm-none-eabi/lib/thumb/v7e-m/nofp/libc_nano.a(libc_a-memcpy-stub.o)
 .debug_frame   0x00000000       0x28 /usr/lib/gcc/arm-none-eabi/14.1.0/../../../../arm-none-eabi/lib/thumb/v7e-m/nofp/libc_nano.a(libc_a-memcpy-stub.o)
 .ARM.attributes
                0x00000000       0x2e /usr/lib/gcc/arm-none-eabi/14.1.0/../../../../arm-none-eabi/lib/thumb/v7e-m/nofp/libc_nano.a(libc_a-memcpy-stub.o)
 .text          0x00000000       0x10 /usr/lib/gcc/arm-none-eabi/14.1.0/../../../../arm-none-eabi/lib/thumb/v7e-m/nofp/libc_nano.a(libc_a-strlen.o)
 .data          0x00000000        0x0 /usr/lib/gcc/arm-none-eabi/14.1.0/../../../../arm-none-eabi/lib/thumb/v7e-m/nofp/libc_nano.a(libc_a-strlen.o)
 .bss           0x00000000        0x0 /usr/lib/gcc/arm-none-eabi/14.1.0/../../../../arm-none-eabi/lib/thumb/v7e-m/nofp/libc_nano.a(libc_a-strlen.o)
 .ARM.extab     0x00000000        0x0 /usr/lib/gcc/arm-none-eabi/14.1.0/../../../../arm-none-eabi/lib/thumb/v7e-m/nofp/libc_nano.a(libc_a-strlen.o)
 .ARM.exidx     0x00000000        0x8 /usr/lib/gcc/arm-none-eabi/14.1.0/../../../../arm-none-eabi/lib/thumb/v7e-m/nofp/libc_nano.a(libc_a-strlen.o)
 .debug_line    0x00000000       0x4f /usr/lib/gcc/arm-none-eabi/14.1.0/../../../../arm-none-eabi/lib/thumb/v7e-m/nofp/libc_nano.a(libc_a-strlen.o)
 .debug_line_str
                0x00000000       0x9a /usr/lib/gcc/arm-none-eabi/14.1.0/../../../../arm-none-eabi/lib/thumb/v7e-m/nofp/libc_nano.a(libc_a-strlen.o)
 .debug_info    0x00000000       0x31 /usr/lib/gcc/arm-none-eabi/14.1.0/../../../../arm-none-eabi/lib/thumb/v7e-m/nofp/libc_nano.a(libc_a-strlen.o)
 .debug_abbrev  0x00000000       0x28 /usr/lib/gcc/arm-none-eabi/14.1.0/../../../../arm-none-eabi/lib/thumb/v7e-m/nofp/libc_nano.a(libc_a-strlen.o)
 .debug_aranges
                0x00000000       0x20 /usr/lib/gcc/arm-none-eabi/14.1.0/../../../../arm-none-eabi/lib/thumb/v7e-m/nofp/libc_nano.a(libc_a-strlen.o)
 .debug_str     0x00000000       0xad /usr/lib/gcc/arm-none-eabi/14.1.0/../../../../arm-none-eabi/lib/thumb/v7e-m/nofp/libc_nano.a(libc_a-strlen.o)
 .eh_frame      0x00000000       0x28 /usr/lib/gcc/arm-none-eabi/14.1.0/../../../../arm-none-eabi/lib/thumb/v7e-m/nofp/libc_nano.a(libc_a-strlen.o)
 .ARM.attributes
                0x00000000       0x17 /usr/lib/gcc/arm-none-eabi/14.1.0/../../../../arm-none-eabi/lib/thumb/v7e-m/nofp/libc_nano.a(libc_a-strlen.o)

Memory Configuration

Name             Origin             Length             Attributes
FLASH            0x00400000         0x00200000         xr
RAM              0x20400000         0x00040000         rw
*default*        0x00000000         0xffffffff

Linker script and memory map

LOAD ./build/list.o
LOAD ./build/tasks.o
LOAD ./build/queue.o
LOAD ./build/heap_4.o
LOAD ./build/port.o
LOAD ./build/main.o
LOAD ./build/uart.o
LOAD ./build/startup.o
START GROUP
LOAD /usr/lib/gcc/arm-none-eabi/14.1.0/thumb/v7e-m/nofp/libgcc.a
LOAD /usr/lib/gcc/arm-none-eabi/14.1.0/../../../../arm-none-eabi/lib/thumb/v7e-m/nofp/libc_nano.a
END GROUP
START GROUP
LOAD /usr/lib/gcc/arm-none-eabi/14.1.0/thumb/v7e-m/nofp/libgcc.a
LOAD /usr/lib/gcc/arm-none-eabi/14.1.0/../../../../arm-none-eabi/lib/thumb/v7e-m/nofp/libc_nano.a
LOAD /usr/lib/gcc/arm-none-eabi/14.1.0/../../../../arm-none-eabi/lib/thumb/v7e-m/nofp/libnosys.a
END GROUP
START GROUP
LOAD /usr/lib/gcc/arm-none-eabi/14.1.0/thumb/v7e-m/nofp/libgcc.a
LOAD /usr/lib/gcc/arm-none-eabi/14.1.0/../../../../arm-none-eabi/lib/thumb/v7e-m/nofp/libc_nano.a
LOAD /usr/lib/gcc/arm-none-eabi/14.1.0/../../../../arm-none-eabi/lib/thumb/v7e-m/nofp/libnosys.a
END GROUP
                0x00000008                        _Min_Heap_Size = 0x8
                0x00000400                        _Min_Stack_Size = 0x400
                0x20440000                        _estack = (ORIGIN (RAM) + LENGTH (RAM))

.isr_vector     0x00400000       0x78
                0x00400000                        __vector_table = .
 *(.isr_vector)
 .isr_vector    0x00400000       0x78 ./build/startup.o
                0x00400000                isr_vector
                0x00400078                        . = ALIGN (0x4)

.text           0x00400078       0x48
 *(.text)
 *(.rodata*)
 .rodata.vTaskStartScheduler.str1.1
                0x00400078       0x41 ./build/tasks.o
                                  0x5 (size before relaxing)
 *fill*         0x004000b9        0x3 
 .rodata.uxTopUsedPriority
                0x004000bc        0x4 ./build/tasks.o
 .rodata.main.str1.1
                0x004000c0        0x6 ./build/main.o
 .rodata.prvGetRegistersFromStack.str1.1
                0x004000c0       0x36 ./build/startup.o
 *(.constdata*)
                0x004000c0                        _etext = .
                0x004000c0                        _sidata = .

.glue_7         0x004000c0        0x0
 .glue_7        0x004000c0        0x0 linker stubs

.glue_7t        0x004000c0        0x0
 .glue_7t       0x004000c0        0x0 linker stubs

.vfp11_veneer   0x004000c0        0x0
 .vfp11_veneer  0x004000c0        0x0 linker stubs

.v4_bx          0x004000c0        0x0
 .v4_bx         0x004000c0        0x0 linker stubs

.text.vListInitialise
                0x004000c0       0x16
 .text.vListInitialise
                0x004000c0       0x16 ./build/list.o
                0x004000c0                vListInitialise

.text.vListInitialiseItem
                0x004000d6        0x6
 .text.vListInitialiseItem
                0x004000d6        0x6 ./build/list.o
                0x004000d6                vListInitialiseItem

.text.vListInsert
                0x004000dc       0x2e
 .text.vListInsert
                0x004000dc       0x2e ./build/list.o
                0x004000dc                vListInsert

.text.uxListRemove
                0x0040010a       0x1e
 .text.uxListRemove
                0x0040010a       0x1e ./build/list.o
                0x0040010a                uxListRemove

.text.prvAddCurrentTaskToDelayedList
                0x00400128       0xb4
 .text.prvAddCurrentTaskToDelayedList
                0x00400128       0xb4 ./build/tasks.o

.text.prvResetNextTaskUnblockTime
                0x004001dc       0x24
 .text.prvResetNextTaskUnblockTime
                0x004001dc       0x24 ./build/tasks.o

.text.prvCheckTasksWaitingTermination
                0x00400200       0x48
 .text.prvCheckTasksWaitingTermination
                0x00400200       0x48 ./build/tasks.o

.text.prvIdleTask
                0x00400248        0x8
 .text.prvIdleTask
                0x00400248        0x8 ./build/tasks.o

.text.xTaskCreate
                0x00400250      0x1c0
 .text.xTaskCreate
                0x00400250      0x1c0 ./build/tasks.o
                0x00400250                xTaskCreate

.text.vTaskStartScheduler
                0x00400410       0x74
 .text.vTaskStartScheduler
                0x00400410       0x74 ./build/tasks.o
                0x00400410                vTaskStartScheduler

.text.vTaskSuspendAll
                0x00400484       0x10
 .text.vTaskSuspendAll
                0x00400484       0x10 ./build/tasks.o
                0x00400484                vTaskSuspendAll

.text.xTaskIncrementTick
                0x00400494      0x180
 .text.xTaskIncrementTick
                0x00400494      0x180 ./build/tasks.o
                0x00400494                xTaskIncrementTick

.text.xTaskResumeAll
                0x00400614      0x154
 .text.xTaskResumeAll
                0x00400614      0x154 ./build/tasks.o
                0x00400614                xTaskResumeAll

.text.vTaskDelay
                0x00400768       0x3c
 .text.vTaskDelay
                0x00400768       0x3c ./build/tasks.o
                0x00400768                vTaskDelay

.text.vTaskSwitchContext
                0x004007a4       0x5c
 .text.vTaskSwitchContext
                0x004007a4       0x5c ./build/tasks.o
                0x004007a4                vTaskSwitchContext

.iplt           0x00400800        0x0
 .iplt          0x00400800        0x0 ./build/tasks.o

.text.pvPortMalloc
                0x00400800      0x130
 .text.pvPortMalloc
                0x00400800      0x130 ./build/heap_4.o
                0x00400800                pvPortMalloc

.text.vPortFree
                0x00400930       0xbc
 .text.vPortFree
                0x00400930       0xbc ./build/heap_4.o
                0x00400930                vPortFree

.text.prvTaskExitError
                0x004009ec       0x30
 .text.prvTaskExitError
                0x004009ec       0x30 ./build/port.o

.text.vPortSVCHandler
                0x00400a1c       0x24
 .text.vPortSVCHandler
                0x00400a1c       0x24 ./build/port.o
                0x00400a1c                vPortSVCHandler

.text.prvPortStartFirstTask
                0x00400a40       0x20
 .text.prvPortStartFirstTask
                0x00400a40       0x20 ./build/port.o

.text.xPortPendSVHandler
                0x00400a60       0x44
 .text.xPortPendSVHandler
                0x00400a60       0x44 ./build/port.o
                0x00400a60                xPortPendSVHandler

.text.pxPortInitialiseStack
                0x00400aa4       0x1c
 .text.pxPortInitialiseStack
                0x00400aa4       0x1c ./build/port.o
                0x00400aa4                pxPortInitialiseStack

.text.vPortEnterCritical
                0x00400ac0       0x30
 .text.vPortEnterCritical
                0x00400ac0       0x30 ./build/port.o
                0x00400ac0                vPortEnterCritical

.text.vPortExitCritical
                0x00400af0       0x18
 .text.vPortExitCritical
                0x00400af0       0x18 ./build/port.o
                0x00400af0                vPortExitCritical

.text.xPortSysTickHandler
                0x00400b08       0x2c
 .text.xPortSysTickHandler
                0x00400b08       0x2c ./build/port.o
                0x00400b08                xPortSysTickHandler

.text.vPortSetupTimerInterrupt
                0x00400b34       0x16
 .text.vPortSetupTimerInterrupt
                0x00400b34       0x16 ./build/port.o
                0x00400b34                vPortSetupTimerInterrupt

.text.xPortStartScheduler
                0x00400b4c       0xe4
 .text.xPortStartScheduler
                0x00400b4c       0xe4 ./build/port.o
                0x00400b4c                xPortStartScheduler

.text.producer  0x00400c30       0x18
 .text.producer
                0x00400c30       0x18 ./build/main.o
                0x00400c30                producer

.text.startup.main
                0x00400c48       0x24
 .text.startup.main
                0x00400c48       0x24 ./build/main.o
                0x00400c48                main

.text.UART_printf
                0x00400c6c       0x12
 .text.UART_printf
                0x00400c6c       0x12 ./build/uart.o
                0x00400c6c                UART_printf

.text.Default_Handler
                0x00400d00        0xc
 .text.Default_Handler
                0x00400d00        0xc ./build/startup.o

.text.HardFault_Handler
                0x00400e00       0x18
 .text.HardFault_Handler
                0x00400e00       0x18 ./build/startup.o

.text.Reset_Handler
                0x00400e18        0x4
 .text.Reset_Handler
                0x00400e18        0x4 ./build/startup.o
                0x00400e18                Reset_Handler

.text.prvGetRegistersFromStack
                0x00400e1c       0x60
 .text.prvGetRegistersFromStack
                0x00400e1c       0x60 ./build/startup.o
                0x00400e1c                prvGetRegistersFromStack

.text.memset    0x00400e7c       0x10
 .text.memset   0x00400e7c       0x10 /usr/lib/gcc/arm-none-eabi/14.1.0/../../../../arm-none-eabi/lib/thumb/v7e-m/nofp/libc_nano.a(libc_a-memset.o)
                0x00400e7c                memset

.rel.dyn        0x00400e8c        0x0
 .rel.iplt      0x00400e8c        0x0 ./build/tasks.o

.data           0x20400000        0x0
                0x20400000                        . = ALIGN (0x8)
                0x20400000                        _data = .
                0x20400000                        _sdata = .
 *(vtable)
 *(.data)
                0x20400000                        _edata = .

.igot.plt       0x20400000        0x0
 .igot.plt      0x20400000        0x0 ./build/tasks.o

.data.uxCriticalNesting
                0x20400000        0x4
 .data.uxCriticalNesting
                0x20400000        0x4 ./build/port.o

.bss            0x20400004        0x4
                0x20400008                        . = ALIGN (0x8)
 *fill*         0x20400004        0x4 
                0x20400008                        _bss = .
                0x20400008                        _sbss = .
 *(.bss)
                0x20400008                        _ebss = .

.bss.uxSchedulerSuspended
                0x20400008        0x4
 .bss.uxSchedulerSuspended
                0x20400008        0x4 ./build/tasks.o

.bss.xIdleTaskHandles
                0x2040000c        0x4
 .bss.xIdleTaskHandles
                0x2040000c        0x4 ./build/tasks.o

.bss.xNextTaskUnblockTime
                0x20400010        0x4
 .bss.xNextTaskUnblockTime
                0x20400010        0x4 ./build/tasks.o

.bss.uxTaskNumber
                0x20400014        0x4
 .bss.uxTaskNumber
                0x20400014        0x4 ./build/tasks.o

.bss.xNumOfOverflows
                0x20400018        0x4
 .bss.xNumOfOverflows
                0x20400018        0x4 ./build/tasks.o

.bss.xYieldPendings
                0x2040001c        0x4
 .bss.xYieldPendings
                0x2040001c        0x4 ./build/tasks.o

.bss.xPendedTicks
                0x20400020        0x4
 .bss.xPendedTicks
                0x20400020        0x4 ./build/tasks.o

.bss.xSchedulerRunning
                0x20400024        0x4
 .bss.xSchedulerRunning
                0x20400024        0x4 ./build/tasks.o

.bss.uxTopReadyPriority
                0x20400028        0x4
 .bss.uxTopReadyPriority
                0x20400028        0x4 ./build/tasks.o

.bss.xTickCount
                0x2040002c        0x4
 .bss.xTickCount
                0x2040002c        0x4 ./build/tasks.o

.bss.uxCurrentNumberOfTasks
                0x20400030        0x4
 .bss.uxCurrentNumberOfTasks
                0x20400030        0x4 ./build/tasks.o

.bss.xSuspendedTaskList
                0x20400034       0x14
 .bss.xSuspendedTaskList
                0x20400034       0x14 ./build/tasks.o

.bss.uxDeletedTasksWaitingCleanUp
                0x20400048        0x4
 .bss.uxDeletedTasksWaitingCleanUp
                0x20400048        0x4 ./build/tasks.o

.bss.xTasksWaitingTermination
                0x2040004c       0x14
 .bss.xTasksWaitingTermination
                0x2040004c       0x14 ./build/tasks.o

.bss.xPendingReadyList
                0x20400060       0x14
 .bss.xPendingReadyList
                0x20400060       0x14 ./build/tasks.o

.bss.pxOverflowDelayedTaskList
                0x20400074        0x4
 .bss.pxOverflowDelayedTaskList
                0x20400074        0x4 ./build/tasks.o

.bss.pxDelayedTaskList
                0x20400078        0x4
 .bss.pxDelayedTaskList
                0x20400078        0x4 ./build/tasks.o

.bss.xDelayedTaskList2
                0x2040007c       0x14
 .bss.xDelayedTaskList2
                0x2040007c       0x14 ./build/tasks.o

.bss.xDelayedTaskList1
                0x20400090       0x14
 .bss.xDelayedTaskList1
                0x20400090       0x14 ./build/tasks.o

.bss.pxReadyTasksLists
                0x204000a4       0xb4
 .bss.pxReadyTasksLists
                0x204000a4       0xb4 ./build/tasks.o

.bss.pxCurrentTCB
                0x20400158        0x4
 .bss.pxCurrentTCB
                0x20400158        0x4 ./build/tasks.o
                0x20400158                pxCurrentTCB

.bss.xNumberOfSuccessfulFrees
                0x2040015c        0x4
 .bss.xNumberOfSuccessfulFrees
                0x2040015c        0x4 ./build/heap_4.o

.bss.xNumberOfSuccessfulAllocations
                0x20400160        0x4
 .bss.xNumberOfSuccessfulAllocations
                0x20400160        0x4 ./build/heap_4.o

.bss.xMinimumEverFreeBytesRemaining
                0x20400164        0x4
 .bss.xMinimumEverFreeBytesRemaining
                0x20400164        0x4 ./build/heap_4.o

.bss.xFreeBytesRemaining
                0x20400168        0x4
 .bss.xFreeBytesRemaining
                0x20400168        0x4 ./build/heap_4.o

.bss.pxEnd      0x2040016c        0x4
 .bss.pxEnd     0x2040016c        0x4 ./build/heap_4.o

.bss.xStart     0x20400170        0x8
 .bss.xStart    0x20400170        0x8 ./build/heap_4.o

.bss.ucHeap     0x20400178     0xf000
 .bss.ucHeap    0x20400178     0xf000 ./build/heap_4.o

.bss.ulMaxPRIGROUPValue
                0x2040f178        0x4
 .bss.ulMaxPRIGROUPValue
                0x2040f178        0x4 ./build/port.o

.bss.ucMaxSysCallPriority
                0x2040f17c        0x1
 .bss.ucMaxSysCallPriority
                0x2040f17c        0x1 ./build/port.o

.bss.pippo      0x2040f180        0x4
 .bss.pippo     0x2040f180        0x4 ./build/main.o
                0x2040f180                pippo

.bss.psr        0x2040f184        0x4
 .bss.psr       0x2040f184        0x4 ./build/startup.o
                0x2040f184                psr

.bss.pc         0x2040f188        0x4
 .bss.pc        0x2040f188        0x4 ./build/startup.o
                0x2040f188                pc

.bss.lr         0x2040f18c        0x4
 .bss.lr        0x2040f18c        0x4 ./build/startup.o
                0x2040f18c                lr

.bss.r12        0x2040f190        0x4
 .bss.r12       0x2040f190        0x4 ./build/startup.o
                0x2040f190                r12

.bss.r3         0x2040f194        0x4
 .bss.r3        0x2040f194        0x4 ./build/startup.o
                0x2040f194                r3

.bss.r2         0x2040f198        0x4
 .bss.r2        0x2040f198        0x4 ./build/startup.o
                0x2040f198                r2

.bss.r1         0x2040f19c        0x4
 .bss.r1        0x2040f19c        0x4 ./build/startup.o
                0x2040f19c                r1

.bss.r0         0x2040f1a0        0x4
 .bss.r0        0x2040f1a0        0x4 ./build/startup.o
                0x2040f1a0                r0

.heap           0x2040f1a4      0x40c
                0x2040f1a8                        . = ALIGN (0x8)
 *fill*         0x2040f1a4        0x4 
                [!provide]                        PROVIDE (end = .)
                [!provide]                        PROVIDE (_end = .)
                0x2040f1a8                        _heap_bottom = .
                0x2040f1b0                        . = (. + _Min_Heap_Size)
 *fill*         0x2040f1a8        0x8 
                0x2040f1b0                        _heap_top = .
                0x2040f5b0                        . = (. + _Min_Stack_Size)
 *fill*         0x2040f1b0      0x400 
                0x2040f5b0                        . = ALIGN (0x8)
                0x20440000                        __StackTop = (ORIGIN (RAM) + LENGTH (RAM))
                0x2043fc00                        __StackLimit = (__StackTop - _Min_Stack_Size)
                [!provide]                        PROVIDE (__stack = __StackTop)
                0x00000001                        ASSERT ((__StackLimit >= _heap_top), region RAM overflowed with stack)
OUTPUT(./build/demo.elf elf32-littlearm)
LOAD linker stubs

.debug_info     0x00000000     0x431e
 .debug_info    0x00000000      0x2b2 ./build/list.o
 .debug_info    0x000002b2     0x3030 ./build/tasks.o
 .debug_info    0x000032e2      0x5e8 ./build/heap_4.o
 .debug_info    0x000038ca      0x461 ./build/port.o
 .debug_info    0x00003d2b      0x247 ./build/main.o
 .debug_info    0x00003f72       0xd1 ./build/uart.o
 .debug_info    0x00004043      0x1fb ./build/startup.o
 .debug_info    0x0000423e       0xe0 /usr/lib/gcc/arm-none-eabi/14.1.0/../../../../arm-none-eabi/lib/thumb/v7e-m/nofp/libc_nano.a(libc_a-memset.o)

.debug_abbrev   0x00000000      0xf39
 .debug_abbrev  0x00000000      0x105 ./build/list.o
 .debug_abbrev  0x00000105      0x4ff ./build/tasks.o
 .debug_abbrev  0x00000604      0x2d2 ./build/heap_4.o
 .debug_abbrev  0x000008d6      0x29c ./build/port.o
 .debug_abbrev  0x00000b72      0x131 ./build/main.o
 .debug_abbrev  0x00000ca3       0x93 ./build/uart.o
 .debug_abbrev  0x00000d36      0x165 ./build/startup.o
 .debug_abbrev  0x00000e9b       0x9e /usr/lib/gcc/arm-none-eabi/14.1.0/../../../../arm-none-eabi/lib/thumb/v7e-m/nofp/libc_nano.a(libc_a-memset.o)

.debug_loclists
                0x00000000     0x208c
 .debug_loclists
                0x00000000       0x77 ./build/list.o
 .debug_loclists
                0x00000077     0x1b14 ./build/tasks.o
 .debug_loclists
                0x00001b8b      0x370 ./build/heap_4.o
 .debug_loclists
                0x00001efb       0x8f ./build/port.o
 .debug_loclists
                0x00001f8a       0x63 ./build/main.o
 .debug_loclists
                0x00001fed       0x29 ./build/uart.o
 .debug_loclists
                0x00002016       0x29 ./build/startup.o
 .debug_loclists
                0x0000203f       0x4d /usr/lib/gcc/arm-none-eabi/14.1.0/../../../../arm-none-eabi/lib/thumb/v7e-m/nofp/libc_nano.a(libc_a-memset.o)

.debug_aranges  0x00000000      0x3b0
 .debug_aranges
                0x00000000       0x40 ./build/list.o
 .debug_aranges
                0x00000040      0x1f0 ./build/tasks.o
 .debug_aranges
                0x00000230       0x60 ./build/heap_4.o
 .debug_aranges
                0x00000290       0x78 ./build/port.o
 .debug_aranges
                0x00000308       0x28 ./build/main.o
 .debug_aranges
                0x00000330       0x28 ./build/uart.o
 .debug_aranges
                0x00000358       0x38 ./build/startup.o
 .debug_aranges
                0x00000390       0x20 /usr/lib/gcc/arm-none-eabi/14.1.0/../../../../arm-none-eabi/lib/thumb/v7e-m/nofp/libc_nano.a(libc_a-memset.o)

.debug_rnglists
                0x00000000      0x44a
 .debug_rnglists
                0x00000000       0x2b ./build/list.o
 .debug_rnglists
                0x0000002b      0x2e4 ./build/tasks.o
 .debug_rnglists
                0x0000030f       0x52 ./build/heap_4.o
 .debug_rnglists
                0x00000361       0x7f ./build/port.o
 .debug_rnglists
                0x000003e0       0x19 ./build/main.o
 .debug_rnglists
                0x000003f9       0x19 ./build/uart.o
 .debug_rnglists
                0x00000412       0x25 ./build/startup.o
 .debug_rnglists
                0x00000437       0x13 /usr/lib/gcc/arm-none-eabi/14.1.0/../../../../arm-none-eabi/lib/thumb/v7e-m/nofp/libc_nano.a(libc_a-memset.o)

.debug_macro    0x00000000     0x3e8c
 .debug_macro   0x00000000      0x17b ./build/list.o
 .debug_macro   0x0000017b      0xac0 ./build/list.o
 .debug_macro   0x00000c3b       0x24 ./build/list.o
 .debug_macro   0x00000c5f       0x22 ./build/list.o
 .debug_macro   0x00000c81       0x67 ./build/list.o
 .debug_macro   0x00000ce8       0x94 ./build/list.o
 .debug_macro   0x00000d7c       0x3c ./build/list.o
 .debug_macro   0x00000db8       0x34 ./build/list.o
 .debug_macro   0x00000dec       0x16 ./build/list.o
 .debug_macro   0x00000e02      0x11c ./build/list.o
 .debug_macro   0x00000f1e       0x9b ./build/list.o
 .debug_macro   0x00000fb9       0x57 ./build/list.o
 .debug_macro   0x00001010      0x364 ./build/list.o
 .debug_macro   0x00001374       0x16 ./build/list.o
 .debug_macro   0x0000138a       0x4a ./build/list.o
 .debug_macro   0x000013d4       0x34 ./build/list.o
 .debug_macro   0x00001408       0x10 ./build/list.o
 .debug_macro   0x00001418       0x58 ./build/list.o
 .debug_macro   0x00001470      0x1de ./build/list.o
 .debug_macro   0x0000164e       0x16 ./build/list.o
 .debug_macro   0x00001664       0x29 ./build/list.o
 .debug_macro   0x0000168d      0x34e ./build/list.o
 .debug_macro   0x000019db       0x16 ./build/list.o
 .debug_macro   0x000019f1      0x164 ./build/list.o
 .debug_macro   0x00001b55       0x22 ./build/list.o
 .debug_macro   0x00001b77      0x182 ./build/list.o
 .debug_macro   0x00001cf9       0xe7 ./build/list.o
 .debug_macro   0x00001de0       0x3a ./build/list.o
 .debug_macro   0x00001e1a       0x1f ./build/list.o
 .debug_macro   0x00001e39       0x12 ./build/list.o
 .debug_macro   0x00001e4b      0xfde ./build/list.o
 .debug_macro   0x00002e29       0xc3 ./build/list.o
 .debug_macro   0x00002eec      0x293 ./build/tasks.o
 .debug_macro   0x0000317f       0x16 ./build/tasks.o
 .debug_macro   0x00003195       0x3c ./build/tasks.o
 .debug_macro   0x000031d1      0x14f ./build/tasks.o
 .debug_macro   0x00003320       0x98 ./build/tasks.o
 .debug_macro   0x000033b8       0x17 ./build/tasks.o
 .debug_macro   0x000033cf      0x20b ./build/heap_4.o
 .debug_macro   0x000035da      0x16c ./build/port.o
 .debug_macro   0x00003746      0x190 ./build/port.o
 .debug_macro   0x000038d6      0x1f7 ./build/main.o
 .debug_macro   0x00003acd       0x85 ./build/main.o
 .debug_macro   0x00003b52       0x16 ./build/main.o
 .debug_macro   0x00003b68       0x10 ./build/main.o
 .debug_macro   0x00003b78       0x16 ./build/main.o
 .debug_macro   0x00003b8e       0x16 ./build/main.o
 .debug_macro   0x00003ba4      0x170 ./build/main.o
 .debug_macro   0x00003d14       0x28 ./build/main.o
 .debug_macro   0x00003d3c       0x97 ./build/uart.o
 .debug_macro   0x00003dd3       0x22 ./build/uart.o
 .debug_macro   0x00003df5       0x97 ./build/startup.o

.debug_line     0x00000000     0x45c5
 .debug_line    0x00000000      0x496 ./build/list.o
 .debug_line    0x00000496     0x2af8 ./build/tasks.o
 .debug_line    0x00002f8e      0x8ad ./build/heap_4.o
 .debug_line    0x0000383b      0x55a ./build/port.o
 .debug_line    0x00003d95      0x345 ./build/main.o
 .debug_line    0x000040da      0x1c6 ./build/uart.o
 .debug_line    0x000042a0      0x222 ./build/startup.o
 .debug_line    0x000044c2      0x103 /usr/lib/gcc/arm-none-eabi/14.1.0/../../../../arm-none-eabi/lib/thumb/v7e-m/nofp/libc_nano.a(libc_a-memset.o)

.debug_str      0x00000000    0x15da0
 .debug_str     0x00000000    0x15da0 ./build/list.o
                              0x10043 (size before relaxing)
 .debug_str     0x00015da0    0x13778 ./build/tasks.o
 .debug_str     0x00015da0    0x11b5c ./build/heap_4.o
 .debug_str     0x00015da0     0xed3c ./build/port.o
 .debug_str     0x00015da0    0x12aa1 ./build/main.o
 .debug_str     0x00015da0     0xc566 ./build/uart.o
 .debug_str     0x00015da0     0xc60c ./build/startup.o
 .debug_str     0x00015da0      0x1af /usr/lib/gcc/arm-none-eabi/14.1.0/../../../../arm-none-eabi/lib/thumb/v7e-m/nofp/libc_nano.a(libc_a-memset.o)

.comment        0x00000000       0x46
 .comment       0x00000000       0x46 ./build/list.o
                                 0x24 (size before relaxing)
 .comment       0x00000046       0x24 ./build/tasks.o
 .comment       0x00000046       0x24 ./build/heap_4.o
 .comment       0x00000046       0x24 ./build/port.o
 .comment       0x00000046       0x24 ./build/main.o
 .comment       0x00000046       0x24 ./build/uart.o
 .comment       0x00000046       0x24 ./build/startup.o
 .comment       0x00000046       0x24 /usr/lib/gcc/arm-none-eabi/14.1.0/../../../../arm-none-eabi/lib/thumb/v7e-m/nofp/libc_nano.a(libc_a-memset.o)

.ARM.attributes
                0x00000000       0x2c
 .ARM.attributes
                0x00000000       0x2e ./build/list.o
 .ARM.attributes
                0x0000002e       0x2e ./build/tasks.o
 .ARM.attributes
                0x0000005c       0x2e ./build/heap_4.o
 .ARM.attributes
                0x0000008a       0x2e ./build/port.o
 .ARM.attributes
                0x000000b8       0x2e ./build/main.o
 .ARM.attributes
                0x000000e6       0x2e ./build/uart.o
 .ARM.attributes
                0x00000114       0x2e ./build/startup.o
 .ARM.attributes
                0x00000142       0x2e /usr/lib/gcc/arm-none-eabi/14.1.0/../../../../arm-none-eabi/lib/thumb/v7e-m/nofp/libc_nano.a(libc_a-memset.o)

.debug_frame    0x00000000      0x978
 .debug_frame   0x00000000       0x6c ./build/list.o
 .debug_frame   0x0000006c      0x640 ./build/tasks.o
 .debug_frame   0x000006ac       0xf4 ./build/heap_4.o
 .debug_frame   0x000007a0       0xf0 ./build/port.o
 .debug_frame   0x00000890       0x40 ./build/main.o
 .debug_frame   0x000008d0       0x30 ./build/uart.o
 .debug_frame   0x00000900       0x58 ./build/startup.o
 .debug_frame   0x00000958       0x20 /usr/lib/gcc/arm-none-eabi/14.1.0/../../../../arm-none-eabi/lib/thumb/v7e-m/nofp/libc_nano.a(libc_a-memset.o)
